Copyright 1986-2021 Xilinx, Inc. All Rights Reserved.
---------------------------------------------------------------------------------------------
| Tool Version : Vivado v.2021.2 (win64) Build 3367213 Tue Oct 19 02:48:09 MDT 2021
| Date         : Fri Oct 13 22:14:01 2023
| Host         : Gianluca running 64-bit major release  (build 9200)
| Command      : report_control_sets -verbose -file RISCV_bd_wrapper_control_sets_placed.rpt
| Design       : RISCV_bd_wrapper
| Device       : xc7z020
---------------------------------------------------------------------------------------------

Control Set Information

Table of Contents
-----------------
1. Summary
2. Histogram
3. Flip-Flop Distribution
4. Detailed Control Set Information

1. Summary
----------

+----------------------------------------------------------+-------+
|                          Status                          | Count |
+----------------------------------------------------------+-------+
| Total control sets                                       |   143 |
|    Minimum number of control sets                        |   143 |
|    Addition due to synthesis replication                 |     0 |
|    Addition due to physical synthesis replication        |     0 |
| Unused register locations in slices containing registers |   358 |
+----------------------------------------------------------+-------+
* Control sets can be merged at opt_design using control_set_merge or merge_equivalent_drivers
** Run report_qor_suggestions for automated merging and remapping suggestions


2. Histogram
------------

+--------------------+-------+
|       Fanout       | Count |
+--------------------+-------+
| Total control sets |   143 |
| >= 0 to < 4        |     0 |
| >= 4 to < 6        |     7 |
| >= 6 to < 8        |     3 |
| >= 8 to < 10       |     0 |
| >= 10 to < 12      |     2 |
| >= 12 to < 14      |     0 |
| >= 14 to < 16      |     0 |
| >= 16              |   131 |
+--------------------+-------+
* Control sets can be remapped at either synth_design or opt_design


3. Flip-Flop Distribution
-------------------------

+--------------+-----------------------+------------------------+-----------------+--------------+
| Clock Enable | Synchronous Set/Reset | Asynchronous Set/Reset | Total Registers | Total Slices |
+--------------+-----------------------+------------------------+-----------------+--------------+
| No           | No                    | No                     |              29 |           10 |
| No           | No                    | Yes                    |            1278 |          421 |
| No           | Yes                   | No                     |              30 |            9 |
| Yes          | No                    | No                     |              20 |            4 |
| Yes          | No                    | Yes                    |            4115 |         1731 |
| Yes          | Yes                   | No                     |            1010 |          770 |
+--------------+-----------------------+------------------------+-----------------+--------------+


4. Detailed Control Set Information
-----------------------------------

+-------------------------------------+-----------------------------------------------------------------------------------------------------------------------+--------------------------------------------------------------------------------------------------+------------------+----------------+--------------+
|             Clock Signal            |                                                     Enable Signal                                                     |                                         Set/Reset Signal                                         | Slice Load Count | Bel Load Count | Bels / Slice |
+-------------------------------------+-----------------------------------------------------------------------------------------------------------------------+--------------------------------------------------------------------------------------------------+------------------+----------------+--------------+
|  RISCV_bd_i/clk_wiz_0/inst/clk_out1 |                                                                                                                       | RISCV_bd_i/axi_gpio_0/U0/AXI_LITE_IPIF_I/I_SLAVE_ATTACHMENT/clear                                |                1 |              4 |         4.00 |
|  RISCV_bd_i/clk_wiz_0/inst/clk_out1 |                                                                                                                       | RISCV_bd_i/proc_sys_reset_0/U0/EXT_LPF/lpf_int                                                   |                1 |              4 |         4.00 |
|  RISCV_bd_i/clk_wiz_0/inst/clk_out1 | RISCV_bd_i/axi_gpio_0/U0/AXI_LITE_IPIF_I/I_SLAVE_ATTACHMENT/bus2ip_addr_i[8]_i_1_n_0                                  | RISCV_bd_i/axi_gpio_0/U0/AXI_LITE_IPIF_I/I_SLAVE_ATTACHMENT/SR[0]                                |                1 |              4 |         4.00 |
|  RISCV_bd_i/clk_wiz_0/inst/clk_out1 | RISCV_bd_i/axi_gpio_0/U0/AXI_LITE_IPIF_I/I_SLAVE_ATTACHMENT/start2                                                    | RISCV_bd_i/axi_gpio_0/U0/AXI_LITE_IPIF_I/I_SLAVE_ATTACHMENT/I_DECODER/cs_ce_clr                  |                1 |              4 |         4.00 |
|  RISCV_bd_i/clk_wiz_0/inst/clk_out1 | RISCV_bd_i/axi_gpio_0/U0/AXI_LITE_IPIF_I/I_SLAVE_ATTACHMENT/s_axi_rresp_i                                             | RISCV_bd_i/axi_gpio_0/U0/AXI_LITE_IPIF_I/I_SLAVE_ATTACHMENT/SR[0]                                |                1 |              4 |         4.00 |
|  RISCV_bd_i/clk_wiz_0/inst/clk_out1 | RISCV_bd_i/riscv_wrapper_0/inst/rv_tcm_top/u_core/u_issue/u_pipe1_ctrl/exception_wb_q_reg[6]_4                        | RISCV_bd_i/riscv_wrapper_0/inst/rv_tcm_top/u_core/u_frontend/u_npc/BRANCH_PREDICTION.u_lru/AR[0] |                2 |              4 |         2.00 |
|  RISCV_bd_i/clk_wiz_0/inst/clk_out1 | RISCV_bd_i/riscv_wrapper_0/inst/rv_tcm_top/u_dmux/pending_q[4]_i_1_n_0                                                | RISCV_bd_i/riscv_wrapper_0/inst/rv_tcm_top/u_core/u_frontend/u_npc/BRANCH_PREDICTION.u_lru/AR[0] |                2 |              5 |         2.50 |
|  RISCV_bd_i/clk_wiz_0/inst/clk_out1 | RISCV_bd_i/riscv_wrapper_0/inst/rv_tcm_top/u_core/u_issue/u_pipe0_ctrl/opcode_wb_q_reg[24]_0[0]                       | RISCV_bd_i/riscv_wrapper_0/inst/rv_tcm_top/u_core/u_frontend/u_npc/BRANCH_PREDICTION.u_lru/AR[0] |                2 |              6 |         3.00 |
|  RISCV_bd_i/clk_wiz_0/inst/clk_out1 | RISCV_bd_i/riscv_wrapper_0/inst/rv_tcm_top/u_core/u_issue/u_pipe0_ctrl/exception_wb_q_reg[5]_2[0]                     | RISCV_bd_i/riscv_wrapper_0/inst/rv_tcm_top/u_core/u_frontend/u_npc/BRANCH_PREDICTION.u_lru/AR[0] |                4 |              6 |         1.50 |
|  RISCV_bd_i/clk_wiz_0/inst/clk_out1 | RISCV_bd_i/proc_sys_reset_0/U0/SEQ/seq_cnt_en                                                                         | RISCV_bd_i/proc_sys_reset_0/U0/SEQ/SEQ_COUNTER/clear                                             |                1 |              6 |         6.00 |
|  RISCV_bd_i/clk_wiz_0/inst/clk_out1 | RISCV_bd_i/riscv_wrapper_0/inst/rv_tcm_top/u_axi/u_req/ram_q[1][63]_i_1_n_0                                           |                                                                                                  |                2 |             10 |         5.00 |
|  RISCV_bd_i/clk_wiz_0/inst/clk_out1 | RISCV_bd_i/riscv_wrapper_0/inst/rv_tcm_top/u_axi/u_req/ram_q[0][63]_i_1__0_n_0                                        |                                                                                                  |                2 |             10 |         5.00 |
|  RISCV_bd_i/clk_wiz_0/inst/clk_out1 | RISCV_bd_i/riscv_wrapper_0/inst/rv_tcm_top/u_core/u_issue/u_pipe1_ctrl/BRANCH_PREDICTION.btb_miss_r                   | RISCV_bd_i/riscv_wrapper_0/inst/rv_tcm_top/u_core/u_frontend/u_npc/BRANCH_PREDICTION.u_lru/AR[0] |                6 |             16 |         2.67 |
|  RISCV_bd_i/clk_wiz_0/inst/clk_out1 |                                                                                                                       | RISCV_bd_i/axi_gpio_0/U0/AXI_LITE_IPIF_I/I_SLAVE_ATTACHMENT/SR[0]                                |                7 |             22 |         3.14 |
|  RISCV_bd_i/clk_wiz_0/inst/clk_out1 | RISCV_bd_i/riscv_wrapper_0/inst/rv_tcm_top/u_core/u_issue/u_pipe0_ctrl/exception_wb_q_reg[5]_3                        | RISCV_bd_i/riscv_wrapper_0/inst/rv_tcm_top/u_core/u_frontend/u_npc/BRANCH_PREDICTION.u_lru/AR[0] |               18 |             25 |         1.39 |
|  RISCV_bd_i/clk_wiz_0/inst/clk_out1 | RISCV_bd_i/riscv_wrapper_0/inst/rv_tcm_top/u_core/u_frontend/u_fetch/E[0]                                             | RISCV_bd_i/riscv_wrapper_0/inst/rv_tcm_top/u_core/u_frontend/u_npc/BRANCH_PREDICTION.u_lru/AR[0] |               11 |             29 |         2.64 |
|  RISCV_bd_i/clk_wiz_0/inst/clk_out1 |                                                                                                                       |                                                                                                  |               11 |             30 |         2.73 |
|  RISCV_bd_i/clk_wiz_0/inst/clk_out1 | RISCV_bd_i/riscv_wrapper_0/inst/rv_tcm_top/u_core/u_frontend/u_npc/BRANCH_PREDICTION.u_lru/lfsr_q_reg[2]_3[0]         | RISCV_bd_i/riscv_wrapper_0/inst/rv_tcm_top/u_core/u_frontend/u_npc/BRANCH_PREDICTION.u_lru/AR[0] |               14 |             31 |         2.21 |
|  RISCV_bd_i/clk_wiz_0/inst/clk_out1 | RISCV_bd_i/riscv_wrapper_0/inst/rv_tcm_top/u_core/u_issue/u_pipe0_ctrl/lfsr_q_reg[3]_0[0]                             | RISCV_bd_i/riscv_wrapper_0/inst/rv_tcm_top/u_core/u_frontend/u_npc/BRANCH_PREDICTION.u_lru/AR[0] |               19 |             31 |         1.63 |
|  RISCV_bd_i/clk_wiz_0/inst/clk_out1 | RISCV_bd_i/riscv_wrapper_0/inst/rv_tcm_top/u_core/u_frontend/u_npc/BRANCH_PREDICTION.u_lru/lfsr_q_reg[3]_4[0]         | RISCV_bd_i/riscv_wrapper_0/inst/rv_tcm_top/u_core/u_frontend/u_npc/BRANCH_PREDICTION.u_lru/AR[0] |               15 |             31 |         2.07 |
|  RISCV_bd_i/clk_wiz_0/inst/clk_out1 | RISCV_bd_i/riscv_wrapper_0/inst/rv_tcm_top/u_core/u_issue/u_pipe0_ctrl/lfsr_q_reg[4][0]                               | RISCV_bd_i/riscv_wrapper_0/inst/rv_tcm_top/u_core/u_frontend/u_npc/BRANCH_PREDICTION.u_lru/AR[0] |               23 |             31 |         1.35 |
|  RISCV_bd_i/clk_wiz_0/inst/clk_out1 | RISCV_bd_i/riscv_wrapper_0/inst/rv_tcm_top/u_core/u_frontend/u_npc/BRANCH_PREDICTION.u_lru/lfsr_q_reg[3]_3[0]         | RISCV_bd_i/riscv_wrapper_0/inst/rv_tcm_top/u_core/u_frontend/u_npc/BRANCH_PREDICTION.u_lru/AR[0] |               14 |             31 |         2.21 |
|  RISCV_bd_i/clk_wiz_0/inst/clk_out1 | RISCV_bd_i/riscv_wrapper_0/inst/rv_tcm_top/u_core/u_issue/u_pipe0_ctrl/lfsr_q_reg[3][0]                               | RISCV_bd_i/riscv_wrapper_0/inst/rv_tcm_top/u_core/u_frontend/u_npc/BRANCH_PREDICTION.u_lru/AR[0] |               11 |             31 |         2.82 |
|  RISCV_bd_i/clk_wiz_0/inst/clk_out1 | RISCV_bd_i/riscv_wrapper_0/inst/rv_tcm_top/u_core/u_frontend/u_npc/BRANCH_PREDICTION.u_lru/lfsr_q_reg[3]_1[0]         | RISCV_bd_i/riscv_wrapper_0/inst/rv_tcm_top/u_core/u_frontend/u_npc/BRANCH_PREDICTION.u_lru/AR[0] |                8 |             31 |         3.88 |
|  RISCV_bd_i/clk_wiz_0/inst/clk_out1 | RISCV_bd_i/riscv_wrapper_0/inst/rv_tcm_top/u_core/u_frontend/u_npc/BRANCH_PREDICTION.u_lru/lfsr_q_reg[1]_10[0]        | RISCV_bd_i/riscv_wrapper_0/inst/rv_tcm_top/u_core/u_frontend/u_npc/BRANCH_PREDICTION.u_lru/AR[0] |               16 |             31 |         1.94 |
|  RISCV_bd_i/clk_wiz_0/inst/clk_out1 | RISCV_bd_i/riscv_wrapper_0/inst/rv_tcm_top/u_core/u_issue/u_pipe0_ctrl/lfsr_q_reg[1][0]                               | RISCV_bd_i/riscv_wrapper_0/inst/rv_tcm_top/u_core/u_frontend/u_npc/BRANCH_PREDICTION.u_lru/AR[0] |               14 |             31 |         2.21 |
|  RISCV_bd_i/clk_wiz_0/inst/clk_out1 | RISCV_bd_i/riscv_wrapper_0/inst/rv_tcm_top/u_core/u_frontend/u_npc/BRANCH_PREDICTION.u_lru/lfsr_q_reg[1]_11[0]        | RISCV_bd_i/riscv_wrapper_0/inst/rv_tcm_top/u_core/u_frontend/u_npc/BRANCH_PREDICTION.u_lru/AR[0] |               11 |             31 |         2.82 |
|  RISCV_bd_i/clk_wiz_0/inst/clk_out1 | RISCV_bd_i/riscv_wrapper_0/inst/rv_tcm_top/u_core/u_frontend/u_npc/BRANCH_PREDICTION.u_lru/lfsr_q_reg[1]_12[0]        | RISCV_bd_i/riscv_wrapper_0/inst/rv_tcm_top/u_core/u_frontend/u_npc/BRANCH_PREDICTION.u_lru/AR[0] |               25 |             31 |         1.24 |
|  RISCV_bd_i/clk_wiz_0/inst/clk_out1 | RISCV_bd_i/riscv_wrapper_0/inst/rv_tcm_top/u_core/u_frontend/u_npc/BRANCH_PREDICTION.u_lru/lfsr_q_reg[1]_14[0]        | RISCV_bd_i/riscv_wrapper_0/inst/rv_tcm_top/u_core/u_frontend/u_npc/BRANCH_PREDICTION.u_lru/AR[0] |               21 |             31 |         1.48 |
|  RISCV_bd_i/clk_wiz_0/inst/clk_out1 | RISCV_bd_i/riscv_wrapper_0/inst/rv_tcm_top/u_core/u_frontend/u_npc/BRANCH_PREDICTION.u_lru/lfsr_q_reg[2]_1[0]         | RISCV_bd_i/riscv_wrapper_0/inst/rv_tcm_top/u_core/u_frontend/u_npc/BRANCH_PREDICTION.u_lru/AR[0] |               17 |             31 |         1.82 |
|  RISCV_bd_i/clk_wiz_0/inst/clk_out1 | RISCV_bd_i/riscv_wrapper_0/inst/rv_tcm_top/u_core/u_frontend/u_npc/BRANCH_PREDICTION.u_lru/lfsr_q_reg[3]_12[0]        | RISCV_bd_i/riscv_wrapper_0/inst/rv_tcm_top/u_core/u_frontend/u_npc/BRANCH_PREDICTION.u_lru/AR[0] |               19 |             31 |         1.63 |
|  RISCV_bd_i/clk_wiz_0/inst/clk_out1 | RISCV_bd_i/riscv_wrapper_0/inst/rv_tcm_top/u_core/u_frontend/u_npc/BRANCH_PREDICTION.u_lru/lfsr_q_reg[4]_1[0]         | RISCV_bd_i/riscv_wrapper_0/inst/rv_tcm_top/u_core/u_frontend/u_npc/BRANCH_PREDICTION.u_lru/AR[0] |               12 |             31 |         2.58 |
|  RISCV_bd_i/clk_wiz_0/inst/clk_out1 | RISCV_bd_i/riscv_wrapper_0/inst/rv_tcm_top/u_core/u_frontend/u_npc/BRANCH_PREDICTION.u_lru/lfsr_q_reg[1]_16[0]        | RISCV_bd_i/riscv_wrapper_0/inst/rv_tcm_top/u_core/u_frontend/u_npc/BRANCH_PREDICTION.u_lru/AR[0] |               10 |             31 |         3.10 |
|  RISCV_bd_i/clk_wiz_0/inst/clk_out1 | RISCV_bd_i/riscv_wrapper_0/inst/rv_tcm_top/u_core/u_frontend/u_npc/BRANCH_PREDICTION.u_lru/lfsr_q_reg[3]_14[0]        | RISCV_bd_i/riscv_wrapper_0/inst/rv_tcm_top/u_core/u_frontend/u_npc/BRANCH_PREDICTION.u_lru/AR[0] |                8 |             31 |         3.88 |
|  RISCV_bd_i/clk_wiz_0/inst/clk_out1 | RISCV_bd_i/riscv_wrapper_0/inst/rv_tcm_top/u_core/u_frontend/u_npc/BRANCH_PREDICTION.u_lru/lfsr_q_reg[2]_8[0]         | RISCV_bd_i/riscv_wrapper_0/inst/rv_tcm_top/u_core/u_frontend/u_npc/BRANCH_PREDICTION.u_lru/AR[0] |               14 |             31 |         2.21 |
|  RISCV_bd_i/clk_wiz_0/inst/clk_out1 | RISCV_bd_i/riscv_wrapper_0/inst/rv_tcm_top/u_core/u_frontend/u_npc/BRANCH_PREDICTION.u_lru/lfsr_q_reg[2]_9[0]         | RISCV_bd_i/riscv_wrapper_0/inst/rv_tcm_top/u_core/u_frontend/u_npc/BRANCH_PREDICTION.u_lru/AR[0] |               21 |             31 |         1.48 |
|  RISCV_bd_i/clk_wiz_0/inst/clk_out1 | RISCV_bd_i/riscv_wrapper_0/inst/rv_tcm_top/u_core/u_frontend/u_npc/BRANCH_PREDICTION.u_lru/lfsr_q_reg[3]_10[0]        | RISCV_bd_i/riscv_wrapper_0/inst/rv_tcm_top/u_core/u_frontend/u_npc/BRANCH_PREDICTION.u_lru/AR[0] |               19 |             31 |         1.63 |
|  RISCV_bd_i/clk_wiz_0/inst/clk_out1 | RISCV_bd_i/riscv_wrapper_0/inst/rv_tcm_top/u_core/u_frontend/u_npc/BRANCH_PREDICTION.u_lru/lfsr_q_reg[1]_7[0]         | RISCV_bd_i/riscv_wrapper_0/inst/rv_tcm_top/u_core/u_frontend/u_npc/BRANCH_PREDICTION.u_lru/AR[0] |               23 |             31 |         1.35 |
|  RISCV_bd_i/clk_wiz_0/inst/clk_out1 | RISCV_bd_i/riscv_wrapper_0/inst/rv_tcm_top/u_core/u_frontend/u_npc/BRANCH_PREDICTION.u_lru/lfsr_q_reg[3]_2[0]         | RISCV_bd_i/riscv_wrapper_0/inst/rv_tcm_top/u_core/u_frontend/u_npc/BRANCH_PREDICTION.u_lru/AR[0] |               13 |             31 |         2.38 |
|  RISCV_bd_i/clk_wiz_0/inst/clk_out1 | RISCV_bd_i/riscv_wrapper_0/inst/rv_tcm_top/u_core/u_frontend/u_npc/BRANCH_PREDICTION.u_lru/lfsr_q_reg[1]_9[0]         | RISCV_bd_i/riscv_wrapper_0/inst/rv_tcm_top/u_core/u_frontend/u_npc/BRANCH_PREDICTION.u_lru/AR[0] |               18 |             31 |         1.72 |
|  RISCV_bd_i/clk_wiz_0/inst/clk_out1 | RISCV_bd_i/riscv_wrapper_0/inst/rv_tcm_top/u_core/u_frontend/u_npc/BRANCH_PREDICTION.u_lru/lfsr_q_reg[1]_2[0]         | RISCV_bd_i/riscv_wrapper_0/inst/rv_tcm_top/u_core/u_frontend/u_npc/BRANCH_PREDICTION.u_lru/AR[0] |               12 |             31 |         2.58 |
|  RISCV_bd_i/clk_wiz_0/inst/clk_out1 | RISCV_bd_i/riscv_wrapper_0/inst/rv_tcm_top/u_core/u_frontend/u_npc/BRANCH_PREDICTION.u_lru/lfsr_q_reg[0]_1[0]         | RISCV_bd_i/riscv_wrapper_0/inst/rv_tcm_top/u_core/u_frontend/u_npc/BRANCH_PREDICTION.u_lru/AR[0] |               26 |             31 |         1.19 |
|  RISCV_bd_i/clk_wiz_0/inst/clk_out1 | RISCV_bd_i/riscv_wrapper_0/inst/rv_tcm_top/u_core/u_frontend/u_npc/BRANCH_PREDICTION.u_lru/lfsr_q_reg[1]_6[0]         | RISCV_bd_i/riscv_wrapper_0/inst/rv_tcm_top/u_core/u_frontend/u_npc/BRANCH_PREDICTION.u_lru/AR[0] |               17 |             31 |         1.82 |
|  RISCV_bd_i/clk_wiz_0/inst/clk_out1 | RISCV_bd_i/riscv_wrapper_0/inst/rv_tcm_top/u_core/u_frontend/u_npc/BRANCH_PREDICTION.u_lru/lfsr_q_reg[0]_2[0]         | RISCV_bd_i/riscv_wrapper_0/inst/rv_tcm_top/u_core/u_frontend/u_npc/BRANCH_PREDICTION.u_lru/AR[0] |               19 |             31 |         1.63 |
|  RISCV_bd_i/clk_wiz_0/inst/clk_out1 | RISCV_bd_i/riscv_wrapper_0/inst/rv_tcm_top/u_core/u_issue/u_pipe1_ctrl/lfsr_q_reg[1][0]                               | RISCV_bd_i/riscv_wrapper_0/inst/rv_tcm_top/u_core/u_frontend/u_npc/BRANCH_PREDICTION.u_lru/AR[0] |               12 |             31 |         2.58 |
|  RISCV_bd_i/clk_wiz_0/inst/clk_out1 | RISCV_bd_i/riscv_wrapper_0/inst/rv_tcm_top/u_core/u_frontend/u_npc/BRANCH_PREDICTION.u_lru/E[0]                       | RISCV_bd_i/riscv_wrapper_0/inst/rv_tcm_top/u_core/u_frontend/u_npc/BRANCH_PREDICTION.u_lru/AR[0] |               15 |             31 |         2.07 |
|  RISCV_bd_i/clk_wiz_0/inst/clk_out1 | RISCV_bd_i/riscv_wrapper_0/inst/rv_tcm_top/u_core/u_frontend/u_npc/BRANCH_PREDICTION.u_lru/lfsr_q_reg[0]_3[0]         | RISCV_bd_i/riscv_wrapper_0/inst/rv_tcm_top/u_core/u_frontend/u_npc/BRANCH_PREDICTION.u_lru/AR[0] |               10 |             31 |         3.10 |
|  RISCV_bd_i/clk_wiz_0/inst/clk_out1 | RISCV_bd_i/riscv_wrapper_0/inst/rv_tcm_top/u_core/u_frontend/u_npc/BRANCH_PREDICTION.u_lru/lfsr_q_reg[0]_5[0]         | RISCV_bd_i/riscv_wrapper_0/inst/rv_tcm_top/u_core/u_frontend/u_npc/BRANCH_PREDICTION.u_lru/AR[0] |               10 |             31 |         3.10 |
|  RISCV_bd_i/clk_wiz_0/inst/clk_out1 | RISCV_bd_i/riscv_wrapper_0/inst/rv_tcm_top/u_core/u_frontend/u_npc/BRANCH_PREDICTION.u_lru/lfsr_q_reg[4]_3[0]         | RISCV_bd_i/riscv_wrapper_0/inst/rv_tcm_top/u_core/u_frontend/u_npc/BRANCH_PREDICTION.u_lru/AR[0] |               24 |             31 |         1.29 |
|  RISCV_bd_i/clk_wiz_0/inst/clk_out1 | RISCV_bd_i/riscv_wrapper_0/inst/rv_tcm_top/u_core/u_issue/u_pipe1_ctrl/exception_wb_q_reg[6]_3[0]                     | RISCV_bd_i/riscv_wrapper_0/inst/rv_tcm_top/u_core/u_frontend/u_npc/BRANCH_PREDICTION.u_lru/AR[0] |               14 |             32 |         2.29 |
|  RISCV_bd_i/clk_wiz_0/inst/clk_out1 | RISCV_bd_i/riscv_wrapper_0/inst/rv_tcm_top/u_core/u_div/div_complete_w                                                | RISCV_bd_i/riscv_wrapper_0/inst/rv_tcm_top/u_core/u_frontend/u_npc/BRANCH_PREDICTION.u_lru/AR[0] |               12 |             32 |         2.67 |
|  RISCV_bd_i/clk_wiz_0/inst/clk_out1 | RISCV_bd_i/riscv_wrapper_0/inst/rv_tcm_top/u_core/u_issue/u_pipe1_ctrl/opcode_wb_q_reg[7]_3[0]                        | RISCV_bd_i/riscv_wrapper_0/inst/rv_tcm_top/u_core/u_frontend/u_npc/BRANCH_PREDICTION.u_lru/AR[0] |               28 |             32 |         1.14 |
|  RISCV_bd_i/clk_wiz_0/inst/clk_out1 | RISCV_bd_i/riscv_wrapper_0/inst/rv_tcm_top/u_core/u_issue/u_pipe1_ctrl/opcode_wb_q_reg[9]_2[0]                        | RISCV_bd_i/riscv_wrapper_0/inst/rv_tcm_top/u_core/u_frontend/u_npc/BRANCH_PREDICTION.u_lru/AR[0] |               27 |             32 |         1.19 |
|  RISCV_bd_i/clk_wiz_0/inst/clk_out1 | RISCV_bd_i/riscv_wrapper_0/inst/rv_tcm_top/u_core/u_csr/u_csrfile/csr_mcycle_h_q                                      | RISCV_bd_i/riscv_wrapper_0/inst/rv_tcm_top/u_core/u_frontend/u_npc/BRANCH_PREDICTION.u_lru/AR[0] |                8 |             32 |         4.00 |
|  RISCV_bd_i/clk_wiz_0/inst/clk_out1 | RISCV_bd_i/riscv_wrapper_0/inst/rv_tcm_top/u_core/u_issue/u_pipe1_ctrl/opcode_wb_q_reg[9]_5[0]                        | RISCV_bd_i/riscv_wrapper_0/inst/rv_tcm_top/u_core/u_frontend/u_npc/BRANCH_PREDICTION.u_lru/AR[0] |               20 |             32 |         1.60 |
|  RISCV_bd_i/clk_wiz_0/inst/clk_out1 | RISCV_bd_i/riscv_wrapper_0/inst/rv_tcm_top/u_core/u_issue/u_pipe1_ctrl/opcode_wb_q_reg[9]_7[0]                        | RISCV_bd_i/riscv_wrapper_0/inst/rv_tcm_top/u_core/u_frontend/u_npc/BRANCH_PREDICTION.u_lru/AR[0] |               26 |             32 |         1.23 |
|  RISCV_bd_i/clk_wiz_0/inst/clk_out1 | RISCV_bd_i/riscv_wrapper_0/inst/rv_tcm_top/u_core/u_issue/u_pipe0_ctrl/BRANCH_PREDICTION.ras_index_real_q_reg[1][0]   | RISCV_bd_i/riscv_wrapper_0/inst/rv_tcm_top/u_core/u_frontend/u_npc/BRANCH_PREDICTION.u_lru/AR[0] |               14 |             32 |         2.29 |
|  RISCV_bd_i/clk_wiz_0/inst/clk_out1 | RISCV_bd_i/riscv_wrapper_0/inst/rv_tcm_top/u_core/u_issue/u_pipe1_ctrl/opcode_wb_q_reg[7]_5[0]                        | RISCV_bd_i/riscv_wrapper_0/inst/rv_tcm_top/u_core/u_frontend/u_npc/BRANCH_PREDICTION.u_lru/AR[0] |               12 |             32 |         2.67 |
|  RISCV_bd_i/clk_wiz_0/inst/clk_out1 | RISCV_bd_i/riscv_wrapper_0/inst/rv_tcm_top/u_core/u_frontend/u_decode/u_fifo/branch_q_reg[0]                          | RISCV_bd_i/riscv_wrapper_0/inst/rv_tcm_top/u_core/u_frontend/u_npc/BRANCH_PREDICTION.u_lru/AR[0] |               20 |             32 |         1.60 |
|  RISCV_bd_i/clk_wiz_0/inst/clk_out1 | RISCV_bd_i/riscv_wrapper_0/inst/rv_tcm_top/u_core/u_frontend/u_decode/u_fifo/take_interrupt_q_reg_5[0]                | RISCV_bd_i/riscv_wrapper_0/inst/rv_tcm_top/u_core/u_frontend/u_npc/BRANCH_PREDICTION.u_lru/AR[0] |               12 |             32 |         2.67 |
|  RISCV_bd_i/clk_wiz_0/inst/clk_out1 | RISCV_bd_i/riscv_wrapper_0/inst/rv_tcm_top/u_core/u_frontend/u_fetch/pc_f_q[31]_i_1_n_0                               | RISCV_bd_i/riscv_wrapper_0/inst/rv_tcm_top/u_core/u_frontend/u_npc/BRANCH_PREDICTION.u_lru/AR[0] |               20 |             32 |         1.60 |
|  RISCV_bd_i/clk_wiz_0/inst/clk_out1 | RISCV_bd_i/riscv_wrapper_0/inst/rv_tcm_top/u_core/u_issue/u_pipe1_ctrl/opcode_wb_q_reg[9]_0[0]                        | RISCV_bd_i/riscv_wrapper_0/inst/rv_tcm_top/u_core/u_frontend/u_npc/BRANCH_PREDICTION.u_lru/AR[0] |               26 |             32 |         1.23 |
|  RISCV_bd_i/clk_wiz_0/inst/clk_out1 | RISCV_bd_i/riscv_wrapper_0/inst/rv_tcm_top/u_core/u_issue/u_pipe1_ctrl/opcode_wb_q_reg[7]_1[0]                        | RISCV_bd_i/riscv_wrapper_0/inst/rv_tcm_top/u_core/u_frontend/u_npc/BRANCH_PREDICTION.u_lru/AR[0] |               29 |             32 |         1.10 |
|  RISCV_bd_i/clk_wiz_0/inst/clk_out1 | RISCV_bd_i/riscv_wrapper_0/inst/rv_tcm_top/u_core/u_issue/u_pipe1_ctrl/opcode_wb_q_reg[7]_4[0]                        | RISCV_bd_i/riscv_wrapper_0/inst/rv_tcm_top/u_core/u_frontend/u_npc/BRANCH_PREDICTION.u_lru/AR[0] |               21 |             32 |         1.52 |
|  RISCV_bd_i/clk_wiz_0/inst/clk_out1 | RISCV_bd_i/riscv_wrapper_0/inst/rv_tcm_top/u_core/u_issue/u_pipe1_ctrl/opcode_wb_q_reg[9]_4[0]                        | RISCV_bd_i/riscv_wrapper_0/inst/rv_tcm_top/u_core/u_frontend/u_npc/BRANCH_PREDICTION.u_lru/AR[0] |               27 |             32 |         1.19 |
|  RISCV_bd_i/clk_wiz_0/inst/clk_out1 | RISCV_bd_i/riscv_wrapper_0/inst/rv_tcm_top/u_core/u_issue/u_pipe1_ctrl/opcode_wb_q_reg[9]_1[0]                        | RISCV_bd_i/riscv_wrapper_0/inst/rv_tcm_top/u_core/u_frontend/u_npc/BRANCH_PREDICTION.u_lru/AR[0] |               19 |             32 |         1.68 |
|  RISCV_bd_i/clk_wiz_0/inst/clk_out1 | RISCV_bd_i/riscv_wrapper_0/inst/rv_tcm_top/u_core/u_issue/u_pipe1_ctrl/opcode_wb_q_reg[9]_6[0]                        | RISCV_bd_i/riscv_wrapper_0/inst/rv_tcm_top/u_core/u_frontend/u_npc/BRANCH_PREDICTION.u_lru/AR[0] |               23 |             32 |         1.39 |
|  RISCV_bd_i/clk_wiz_0/inst/clk_out1 | RISCV_bd_i/riscv_wrapper_0/inst/rv_tcm_top/u_core/u_issue/u_pipe1_ctrl/opcode_wb_q_reg[9]_3[0]                        | RISCV_bd_i/riscv_wrapper_0/inst/rv_tcm_top/u_core/u_frontend/u_npc/BRANCH_PREDICTION.u_lru/AR[0] |               25 |             32 |         1.28 |
|  RISCV_bd_i/clk_wiz_0/inst/clk_out1 | RISCV_bd_i/riscv_wrapper_0/inst/rv_tcm_top/u_core/u_issue/u_pipe1_ctrl/opcode_wb_q_reg[9]_8[0]                        | RISCV_bd_i/riscv_wrapper_0/inst/rv_tcm_top/u_core/u_frontend/u_npc/BRANCH_PREDICTION.u_lru/AR[0] |               20 |             32 |         1.60 |
|  RISCV_bd_i/clk_wiz_0/inst/clk_out1 | RISCV_bd_i/riscv_wrapper_0/inst/rv_tcm_top/u_core/u_issue/u_pipe1_ctrl/opcode_wb_q_reg[7]_2[0]                        | RISCV_bd_i/riscv_wrapper_0/inst/rv_tcm_top/u_core/u_frontend/u_npc/BRANCH_PREDICTION.u_lru/AR[0] |               17 |             32 |         1.88 |
|  RISCV_bd_i/clk_wiz_0/inst/clk_out1 | RISCV_bd_i/riscv_wrapper_0/inst/rv_tcm_top/u_core/u_issue/u_pipe1_ctrl/opcode_wb_q_reg[9]_9[0]                        | RISCV_bd_i/riscv_wrapper_0/inst/rv_tcm_top/u_core/u_frontend/u_npc/BRANCH_PREDICTION.u_lru/AR[0] |               30 |             32 |         1.07 |
|  RISCV_bd_i/clk_wiz_0/inst/clk_out1 | RISCV_bd_i/riscv_wrapper_0/inst/rv_tcm_top/u_core/u_issue/u_pipe0_ctrl/opcode_wb_q_reg[11]_rep__0_1[0]                | RISCV_bd_i/riscv_wrapper_0/inst/rv_tcm_top/u_core/u_frontend/u_npc/BRANCH_PREDICTION.u_lru/AR[0] |               25 |             32 |         1.28 |
|  RISCV_bd_i/clk_wiz_0/inst/clk_out1 | RISCV_bd_i/riscv_wrapper_0/inst/rv_tcm_top/u_core/u_frontend/u_npc/BRANCH_PREDICTION.ras_stack_q[3][31]_i_1_n_0       | RISCV_bd_i/riscv_wrapper_0/inst/rv_tcm_top/u_core/u_frontend/u_npc/BRANCH_PREDICTION.u_lru/AR[0] |               10 |             32 |         3.20 |
|  RISCV_bd_i/clk_wiz_0/inst/clk_out1 | RISCV_bd_i/riscv_wrapper_0/inst/rv_tcm_top/u_core/u_frontend/u_npc/BRANCH_PREDICTION.ras_stack_q[5][31]_i_1_n_0       | RISCV_bd_i/riscv_wrapper_0/inst/rv_tcm_top/u_core/u_frontend/u_npc/BRANCH_PREDICTION.u_lru/AR[0] |                9 |             32 |         3.56 |
|  RISCV_bd_i/clk_wiz_0/inst/clk_out1 | RISCV_bd_i/riscv_wrapper_0/inst/rv_tcm_top/u_core/u_frontend/u_npc/BRANCH_PREDICTION.ras_stack_q[4][31]_i_1_n_0       | RISCV_bd_i/riscv_wrapper_0/inst/rv_tcm_top/u_core/u_frontend/u_npc/BRANCH_PREDICTION.u_lru/AR[0] |               10 |             32 |         3.20 |
|  RISCV_bd_i/clk_wiz_0/inst/clk_out1 | RISCV_bd_i/riscv_wrapper_0/inst/rv_tcm_top/u_core/u_frontend/u_npc/BRANCH_PREDICTION.ras_stack_q[7][31]_i_1_n_0       | RISCV_bd_i/riscv_wrapper_0/inst/rv_tcm_top/u_core/u_frontend/u_npc/BRANCH_PREDICTION.u_lru/AR[0] |               17 |             32 |         1.88 |
|  RISCV_bd_i/clk_wiz_0/inst/clk_out1 | RISCV_bd_i/riscv_wrapper_0/inst/rv_tcm_top/u_core/u_frontend/u_npc/BRANCH_PREDICTION.ras_stack_q[1][31]_i_1_n_0       | RISCV_bd_i/riscv_wrapper_0/inst/rv_tcm_top/u_core/u_frontend/u_npc/BRANCH_PREDICTION.u_lru/AR[0] |               10 |             32 |         3.20 |
|  RISCV_bd_i/clk_wiz_0/inst/clk_out1 | RISCV_bd_i/riscv_wrapper_0/inst/rv_tcm_top/u_core/u_issue/u_pipe0_ctrl/BRANCH_PREDICTION.ras_index_real_q_reg[1]_2[0] | RISCV_bd_i/riscv_wrapper_0/inst/rv_tcm_top/u_core/u_frontend/u_npc/BRANCH_PREDICTION.u_lru/AR[0] |               11 |             32 |         2.91 |
|  RISCV_bd_i/clk_wiz_0/inst/clk_out1 | RISCV_bd_i/riscv_wrapper_0/inst/rv_tcm_top/u_core/u_issue/u_pipe0_ctrl/BRANCH_PREDICTION.ras_index_real_q_reg[1]_1[0] | RISCV_bd_i/riscv_wrapper_0/inst/rv_tcm_top/u_core/u_frontend/u_npc/BRANCH_PREDICTION.u_lru/AR[0] |               10 |             32 |         3.20 |
|  RISCV_bd_i/clk_wiz_0/inst/clk_out1 | RISCV_bd_i/riscv_wrapper_0/inst/rv_tcm_top/u_core/u_issue/u_pipe0_ctrl/E[0]                                           | RISCV_bd_i/riscv_wrapper_0/inst/rv_tcm_top/u_core/u_frontend/u_npc/BRANCH_PREDICTION.u_lru/AR[0] |               26 |             32 |         1.23 |
|  RISCV_bd_i/clk_wiz_0/inst/clk_out1 | RISCV_bd_i/riscv_wrapper_0/inst/rv_tcm_top/u_core/u_issue/u_pipe0_ctrl/csr_wr_wb_q_reg_1[0]                           | RISCV_bd_i/riscv_wrapper_0/inst/rv_tcm_top/u_core/u_frontend/u_npc/BRANCH_PREDICTION.u_lru/AR[0] |               17 |             32 |         1.88 |
|  RISCV_bd_i/clk_wiz_0/inst/clk_out1 | RISCV_bd_i/riscv_wrapper_0/inst/rv_tcm_top/u_core/u_issue/u_pipe0_ctrl/opcode_wb_q_reg[10]_1[0]                       | RISCV_bd_i/riscv_wrapper_0/inst/rv_tcm_top/u_core/u_frontend/u_npc/BRANCH_PREDICTION.u_lru/AR[0] |               20 |             32 |         1.60 |
|  RISCV_bd_i/clk_wiz_0/inst/clk_out1 | RISCV_bd_i/riscv_wrapper_0/inst/rv_tcm_top/u_core/u_issue/u_pipe0_ctrl/opcode_wb_q_reg[10]_3[0]                       | RISCV_bd_i/riscv_wrapper_0/inst/rv_tcm_top/u_core/u_frontend/u_npc/BRANCH_PREDICTION.u_lru/AR[0] |               25 |             32 |         1.28 |
|  RISCV_bd_i/clk_wiz_0/inst/clk_out1 | RISCV_bd_i/riscv_wrapper_0/inst/rv_tcm_top/u_core/u_issue/u_pipe0_ctrl/opcode_wb_q_reg[10]_rep_1[0]                   | RISCV_bd_i/riscv_wrapper_0/inst/rv_tcm_top/u_core/u_frontend/u_npc/BRANCH_PREDICTION.u_lru/AR[0] |               26 |             32 |         1.23 |
|  RISCV_bd_i/clk_wiz_0/inst/clk_out1 | RISCV_bd_i/riscv_wrapper_0/inst/rv_tcm_top/u_core/u_issue/u_pipe0_ctrl/opcode_wb_q_reg[10]_6[0]                       | RISCV_bd_i/riscv_wrapper_0/inst/rv_tcm_top/u_core/u_frontend/u_npc/BRANCH_PREDICTION.u_lru/AR[0] |               27 |             32 |         1.19 |
|  RISCV_bd_i/clk_wiz_0/inst/clk_out1 | RISCV_bd_i/riscv_wrapper_0/inst/rv_tcm_top/u_core/u_issue/u_pipe0_ctrl/opcode_wb_q_reg[10]_rep_6[0]                   | RISCV_bd_i/riscv_wrapper_0/inst/rv_tcm_top/u_core/u_frontend/u_npc/BRANCH_PREDICTION.u_lru/AR[0] |               27 |             32 |         1.19 |
|  RISCV_bd_i/clk_wiz_0/inst/clk_out1 | RISCV_bd_i/riscv_wrapper_0/inst/rv_tcm_top/u_core/u_issue/u_pipe0_ctrl/opcode_wb_q_reg[10]_rep__1_0[0]                | RISCV_bd_i/riscv_wrapper_0/inst/rv_tcm_top/u_core/u_frontend/u_npc/BRANCH_PREDICTION.u_lru/AR[0] |               29 |             32 |         1.10 |
|  RISCV_bd_i/clk_wiz_0/inst/clk_out1 | RISCV_bd_i/riscv_wrapper_0/inst/rv_tcm_top/u_core/u_issue/u_pipe0_ctrl/opcode_wb_q_reg[10]_rep_3[0]                   | RISCV_bd_i/riscv_wrapper_0/inst/rv_tcm_top/u_core/u_frontend/u_npc/BRANCH_PREDICTION.u_lru/AR[0] |               24 |             32 |         1.33 |
|  RISCV_bd_i/clk_wiz_0/inst/clk_out1 | RISCV_bd_i/riscv_wrapper_0/inst/rv_tcm_top/u_core/u_issue/u_pipe0_ctrl/opcode_wb_q_reg[10]_rep__1_11[0]               | RISCV_bd_i/riscv_wrapper_0/inst/rv_tcm_top/u_core/u_frontend/u_npc/BRANCH_PREDICTION.u_lru/AR[0] |               25 |             32 |         1.28 |
|  RISCV_bd_i/clk_wiz_0/inst/clk_out1 | RISCV_bd_i/riscv_wrapper_0/inst/rv_tcm_top/u_core/u_issue/u_pipe0_ctrl/opcode_wb_q_reg[10]_rep__2_3[0]                | RISCV_bd_i/riscv_wrapper_0/inst/rv_tcm_top/u_core/u_frontend/u_npc/BRANCH_PREDICTION.u_lru/AR[0] |               28 |             32 |         1.14 |
|  RISCV_bd_i/clk_wiz_0/inst/clk_out1 | RISCV_bd_i/riscv_wrapper_0/inst/rv_tcm_top/u_core/u_issue/u_pipe0_ctrl/opcode_wb_q_reg[10]_rep__1_6[0]                | RISCV_bd_i/riscv_wrapper_0/inst/rv_tcm_top/u_core/u_frontend/u_npc/BRANCH_PREDICTION.u_lru/AR[0] |               27 |             32 |         1.19 |
|  RISCV_bd_i/clk_wiz_0/inst/clk_out1 | RISCV_bd_i/riscv_wrapper_0/inst/rv_tcm_top/u_core/u_issue/u_pipe0_ctrl/opcode_wb_q_reg[10]_rep__2_0[0]                | RISCV_bd_i/riscv_wrapper_0/inst/rv_tcm_top/u_core/u_frontend/u_npc/BRANCH_PREDICTION.u_lru/AR[0] |               28 |             32 |         1.14 |
|  RISCV_bd_i/clk_wiz_0/inst/clk_out1 | RISCV_bd_i/riscv_wrapper_0/inst/rv_tcm_top/u_core/u_issue/u_pipe0_ctrl/opcode_wb_q_reg[11]_rep__0_3[0]                | RISCV_bd_i/riscv_wrapper_0/inst/rv_tcm_top/u_core/u_frontend/u_npc/BRANCH_PREDICTION.u_lru/AR[0] |               25 |             32 |         1.28 |
|  RISCV_bd_i/clk_wiz_0/inst/clk_out1 | RISCV_bd_i/riscv_wrapper_0/inst/rv_tcm_top/u_core/u_issue/u_pipe0_ctrl/opcode_wb_q_reg[11]_rep__0_6[0]                | RISCV_bd_i/riscv_wrapper_0/inst/rv_tcm_top/u_core/u_frontend/u_npc/BRANCH_PREDICTION.u_lru/AR[0] |               28 |             32 |         1.14 |
|  RISCV_bd_i/clk_wiz_0/inst/clk_out1 | RISCV_bd_i/riscv_wrapper_0/inst/rv_tcm_top/u_core/u_issue/u_pipe0_ctrl/opcode_wb_q_reg[11]_rep__1_2[0]                | RISCV_bd_i/riscv_wrapper_0/inst/rv_tcm_top/u_core/u_frontend/u_npc/BRANCH_PREDICTION.u_lru/AR[0] |               26 |             32 |         1.23 |
|  RISCV_bd_i/clk_wiz_0/inst/clk_out1 | RISCV_bd_i/riscv_wrapper_0/inst/rv_tcm_top/u_core/u_issue/u_pipe0_ctrl/opcode_wb_q_reg[21]_0[0]                       | RISCV_bd_i/riscv_wrapper_0/inst/rv_tcm_top/u_core/u_frontend/u_npc/BRANCH_PREDICTION.u_lru/AR[0] |               16 |             32 |         2.00 |
|  RISCV_bd_i/clk_wiz_0/inst/clk_out1 | RISCV_bd_i/riscv_wrapper_0/inst/rv_tcm_top/u_core/u_issue/u_pipe0_ctrl/opcode_wb_q_reg[29]_1[0]                       | RISCV_bd_i/riscv_wrapper_0/inst/rv_tcm_top/u_core/u_frontend/u_npc/BRANCH_PREDICTION.u_lru/AR[0] |               13 |             32 |         2.46 |
|  RISCV_bd_i/clk_wiz_0/inst/clk_out1 | RISCV_bd_i/riscv_wrapper_0/inst/rv_tcm_top/u_core/u_issue/u_pipe0_ctrl/opcode_wb_q_reg[27]_0[0]                       | RISCV_bd_i/riscv_wrapper_0/inst/rv_tcm_top/u_core/u_frontend/u_npc/BRANCH_PREDICTION.u_lru/AR[0] |               12 |             32 |         2.67 |
|  RISCV_bd_i/clk_wiz_0/inst/clk_out1 | RISCV_bd_i/riscv_wrapper_0/inst/rv_tcm_top/u_core/u_frontend/u_npc/BRANCH_PREDICTION.u_lru/lfsr_q_reg[1]_17[0]        | RISCV_bd_i/riscv_wrapper_0/inst/rv_tcm_top/u_core/u_frontend/u_npc/BRANCH_PREDICTION.u_lru/AR[0] |               15 |             33 |         2.20 |
|  RISCV_bd_i/clk_wiz_0/inst/clk_out1 | RISCV_bd_i/riscv_wrapper_0/inst/rv_tcm_top/u_core/u_frontend/u_npc/BRANCH_PREDICTION.u_lru/lfsr_q_reg[3]_9[0]         | RISCV_bd_i/riscv_wrapper_0/inst/rv_tcm_top/u_core/u_frontend/u_npc/BRANCH_PREDICTION.u_lru/AR[0] |                8 |             33 |         4.12 |
|  RISCV_bd_i/clk_wiz_0/inst/clk_out1 | RISCV_bd_i/riscv_wrapper_0/inst/rv_tcm_top/u_core/u_frontend/u_npc/BRANCH_PREDICTION.u_lru/lfsr_q_reg[2]_2[0]         | RISCV_bd_i/riscv_wrapper_0/inst/rv_tcm_top/u_core/u_frontend/u_npc/BRANCH_PREDICTION.u_lru/AR[0] |               13 |             33 |         2.54 |
|  RISCV_bd_i/clk_wiz_0/inst/clk_out1 | RISCV_bd_i/riscv_wrapper_0/inst/rv_tcm_top/u_core/u_frontend/u_npc/BRANCH_PREDICTION.u_lru/lfsr_q_reg[4]_6[0]         | RISCV_bd_i/riscv_wrapper_0/inst/rv_tcm_top/u_core/u_frontend/u_npc/BRANCH_PREDICTION.u_lru/AR[0] |               13 |             33 |         2.54 |
|  RISCV_bd_i/clk_wiz_0/inst/clk_out1 | RISCV_bd_i/riscv_wrapper_0/inst/rv_tcm_top/u_core/u_frontend/u_npc/BRANCH_PREDICTION.u_lru/lfsr_q_reg[2]_10[0]        | RISCV_bd_i/riscv_wrapper_0/inst/rv_tcm_top/u_core/u_frontend/u_npc/BRANCH_PREDICTION.u_lru/AR[0] |               14 |             33 |         2.36 |
|  RISCV_bd_i/clk_wiz_0/inst/clk_out1 | RISCV_bd_i/riscv_wrapper_0/inst/rv_tcm_top/u_core/u_frontend/u_npc/BRANCH_PREDICTION.u_lru/lfsr_q_reg[4]_5[0]         | RISCV_bd_i/riscv_wrapper_0/inst/rv_tcm_top/u_core/u_frontend/u_npc/BRANCH_PREDICTION.u_lru/AR[0] |               16 |             33 |         2.06 |
|  RISCV_bd_i/clk_wiz_0/inst/clk_out1 | RISCV_bd_i/riscv_wrapper_0/inst/rv_tcm_top/u_core/u_frontend/u_npc/BRANCH_PREDICTION.u_lru/lfsr_q_reg[1]_0[0]         | RISCV_bd_i/riscv_wrapper_0/inst/rv_tcm_top/u_core/u_frontend/u_npc/BRANCH_PREDICTION.u_lru/AR[0] |               13 |             33 |         2.54 |
|  RISCV_bd_i/clk_wiz_0/inst/clk_out1 | RISCV_bd_i/riscv_wrapper_0/inst/rv_tcm_top/u_core/u_frontend/u_npc/BRANCH_PREDICTION.u_lru/lfsr_q_reg[1]_1[0]         | RISCV_bd_i/riscv_wrapper_0/inst/rv_tcm_top/u_core/u_frontend/u_npc/BRANCH_PREDICTION.u_lru/AR[0] |               12 |             33 |         2.75 |
|  RISCV_bd_i/clk_wiz_0/inst/clk_out1 | RISCV_bd_i/riscv_wrapper_0/inst/rv_tcm_top/u_core/u_frontend/u_npc/BRANCH_PREDICTION.u_lru/lfsr_q_reg[1]_15[0]        | RISCV_bd_i/riscv_wrapper_0/inst/rv_tcm_top/u_core/u_frontend/u_npc/BRANCH_PREDICTION.u_lru/AR[0] |               12 |             33 |         2.75 |
|  RISCV_bd_i/clk_wiz_0/inst/clk_out1 | RISCV_bd_i/riscv_wrapper_0/inst/rv_tcm_top/u_core/u_frontend/u_npc/BRANCH_PREDICTION.u_lru/lfsr_q_reg[1]_13[0]        | RISCV_bd_i/riscv_wrapper_0/inst/rv_tcm_top/u_core/u_frontend/u_npc/BRANCH_PREDICTION.u_lru/AR[0] |                9 |             33 |         3.67 |
|  RISCV_bd_i/clk_wiz_0/inst/clk_out1 | RISCV_bd_i/riscv_wrapper_0/inst/rv_tcm_top/u_core/u_frontend/u_npc/BRANCH_PREDICTION.u_lru/lfsr_q_reg[3]_8[0]         | RISCV_bd_i/riscv_wrapper_0/inst/rv_tcm_top/u_core/u_frontend/u_npc/BRANCH_PREDICTION.u_lru/AR[0] |               16 |             33 |         2.06 |
|  RISCV_bd_i/clk_wiz_0/inst/clk_out1 | RISCV_bd_i/riscv_wrapper_0/inst/rv_tcm_top/u_core/u_frontend/u_npc/BRANCH_PREDICTION.u_lru/lfsr_q_reg[1]_3[0]         | RISCV_bd_i/riscv_wrapper_0/inst/rv_tcm_top/u_core/u_frontend/u_npc/BRANCH_PREDICTION.u_lru/AR[0] |               14 |             33 |         2.36 |
|  RISCV_bd_i/clk_wiz_0/inst/clk_out1 | RISCV_bd_i/riscv_wrapper_0/inst/rv_tcm_top/u_core/u_frontend/u_npc/BRANCH_PREDICTION.u_lru/lfsr_q_reg[3]_11[0]        | RISCV_bd_i/riscv_wrapper_0/inst/rv_tcm_top/u_core/u_frontend/u_npc/BRANCH_PREDICTION.u_lru/AR[0] |               13 |             33 |         2.54 |
|  RISCV_bd_i/clk_wiz_0/inst/clk_out1 | RISCV_bd_i/riscv_wrapper_0/inst/rv_tcm_top/u_core/u_frontend/u_npc/BRANCH_PREDICTION.u_lru/lfsr_q_reg[1]_5[0]         | RISCV_bd_i/riscv_wrapper_0/inst/rv_tcm_top/u_core/u_frontend/u_npc/BRANCH_PREDICTION.u_lru/AR[0] |               13 |             33 |         2.54 |
|  RISCV_bd_i/clk_wiz_0/inst/clk_out1 | RISCV_bd_i/riscv_wrapper_0/inst/rv_tcm_top/u_core/u_frontend/u_npc/BRANCH_PREDICTION.u_lru/lfsr_q_reg[1]_8[0]         | RISCV_bd_i/riscv_wrapper_0/inst/rv_tcm_top/u_core/u_frontend/u_npc/BRANCH_PREDICTION.u_lru/AR[0] |               11 |             33 |         3.00 |
|  RISCV_bd_i/clk_wiz_0/inst/clk_out1 | RISCV_bd_i/riscv_wrapper_0/inst/rv_tcm_top/u_core/u_frontend/u_npc/BRANCH_PREDICTION.u_lru/lfsr_q_reg[0]_0[0]         | RISCV_bd_i/riscv_wrapper_0/inst/rv_tcm_top/u_core/u_frontend/u_npc/BRANCH_PREDICTION.u_lru/AR[0] |               13 |             33 |         2.54 |
|  RISCV_bd_i/clk_wiz_0/inst/clk_out1 | RISCV_bd_i/riscv_wrapper_0/inst/rv_tcm_top/u_core/u_frontend/u_npc/BRANCH_PREDICTION.u_lru/lfsr_q_reg[3]_5[0]         | RISCV_bd_i/riscv_wrapper_0/inst/rv_tcm_top/u_core/u_frontend/u_npc/BRANCH_PREDICTION.u_lru/AR[0] |               13 |             33 |         2.54 |
|  RISCV_bd_i/clk_wiz_0/inst/clk_out1 | RISCV_bd_i/riscv_wrapper_0/inst/rv_tcm_top/u_core/u_frontend/u_npc/BRANCH_PREDICTION.u_lru/lfsr_q_reg[2]_0[0]         | RISCV_bd_i/riscv_wrapper_0/inst/rv_tcm_top/u_core/u_frontend/u_npc/BRANCH_PREDICTION.u_lru/AR[0] |               14 |             33 |         2.36 |
|  RISCV_bd_i/clk_wiz_0/inst/clk_out1 | RISCV_bd_i/riscv_wrapper_0/inst/rv_tcm_top/u_core/u_frontend/u_npc/BRANCH_PREDICTION.u_lru/lfsr_q_reg[2]_6[0]         | RISCV_bd_i/riscv_wrapper_0/inst/rv_tcm_top/u_core/u_frontend/u_npc/BRANCH_PREDICTION.u_lru/AR[0] |               12 |             33 |         2.75 |
|  RISCV_bd_i/clk_wiz_0/inst/clk_out1 | RISCV_bd_i/riscv_wrapper_0/inst/rv_tcm_top/u_core/u_frontend/u_npc/BRANCH_PREDICTION.u_lru/lfsr_q_reg[4]_0[0]         | RISCV_bd_i/riscv_wrapper_0/inst/rv_tcm_top/u_core/u_frontend/u_npc/BRANCH_PREDICTION.u_lru/AR[0] |               14 |             33 |         2.36 |
|  RISCV_bd_i/clk_wiz_0/inst/clk_out1 | RISCV_bd_i/riscv_wrapper_0/inst/rv_tcm_top/u_core/u_frontend/u_npc/BRANCH_PREDICTION.u_lru/lfsr_q_reg[4]_2[0]         | RISCV_bd_i/riscv_wrapper_0/inst/rv_tcm_top/u_core/u_frontend/u_npc/BRANCH_PREDICTION.u_lru/AR[0] |               16 |             33 |         2.06 |
|  RISCV_bd_i/clk_wiz_0/inst/clk_out1 | RISCV_bd_i/riscv_wrapper_0/inst/rv_tcm_top/u_core/u_issue/u_pipe1_ctrl/E[0]                                           | RISCV_bd_i/riscv_wrapper_0/inst/rv_tcm_top/u_core/u_frontend/u_npc/BRANCH_PREDICTION.u_lru/AR[0] |                9 |             33 |         3.67 |
|  RISCV_bd_i/clk_wiz_0/inst/clk_out1 | RISCV_bd_i/riscv_wrapper_0/inst/rv_tcm_top/u_core/u_frontend/u_npc/BRANCH_PREDICTION.u_lru/lfsr_q_reg[2]_11[0]        | RISCV_bd_i/riscv_wrapper_0/inst/rv_tcm_top/u_core/u_frontend/u_npc/BRANCH_PREDICTION.u_lru/AR[0] |               13 |             33 |         2.54 |
|  RISCV_bd_i/clk_wiz_0/inst/clk_out1 | RISCV_bd_i/riscv_wrapper_0/inst/rv_tcm_top/u_core/u_frontend/u_npc/BRANCH_PREDICTION.u_lru/lfsr_q_reg[0]_4[0]         | RISCV_bd_i/riscv_wrapper_0/inst/rv_tcm_top/u_core/u_frontend/u_npc/BRANCH_PREDICTION.u_lru/AR[0] |               12 |             33 |         2.75 |
|  RISCV_bd_i/clk_wiz_0/inst/clk_out1 | RISCV_bd_i/riscv_wrapper_0/inst/rv_tcm_top/u_core/u_issue/u_pipe1_ctrl/mem_i_valid_q_reg[0]                           | RISCV_bd_i/riscv_wrapper_0/inst/rv_tcm_top/u_core/u_frontend/u_npc/BRANCH_PREDICTION.u_lru/AR[0] |               15 |             33 |         2.20 |
|  RISCV_bd_i/clk_wiz_0/inst/clk_out1 | RISCV_bd_i/riscv_wrapper_0/inst/rv_tcm_top/u_core/u_frontend/u_npc/BRANCH_PREDICTION.u_lru/lfsr_q_reg[2]_4[0]         | RISCV_bd_i/riscv_wrapper_0/inst/rv_tcm_top/u_core/u_frontend/u_npc/BRANCH_PREDICTION.u_lru/AR[0] |               13 |             33 |         2.54 |
|  RISCV_bd_i/clk_wiz_0/inst/clk_out1 | RISCV_bd_i/riscv_wrapper_0/inst/rv_tcm_top/u_core/u_frontend/u_npc/BRANCH_PREDICTION.u_lru/lfsr_q_reg[1]_4[0]         | RISCV_bd_i/riscv_wrapper_0/inst/rv_tcm_top/u_core/u_frontend/u_npc/BRANCH_PREDICTION.u_lru/AR[0] |               12 |             33 |         2.75 |
|  RISCV_bd_i/clk_wiz_0/inst/clk_out1 | RISCV_bd_i/riscv_wrapper_0/inst/rv_tcm_top/u_core/u_frontend/u_npc/BRANCH_PREDICTION.u_lru/lfsr_q_reg[4]_4[0]         | RISCV_bd_i/riscv_wrapper_0/inst/rv_tcm_top/u_core/u_frontend/u_npc/BRANCH_PREDICTION.u_lru/AR[0] |               13 |             33 |         2.54 |
|  RISCV_bd_i/clk_wiz_0/inst/clk_out1 | RISCV_bd_i/riscv_wrapper_0/inst/rv_tcm_top/u_core/u_frontend/u_npc/BRANCH_PREDICTION.u_lru/lfsr_q_reg[3]_7[0]         | RISCV_bd_i/riscv_wrapper_0/inst/rv_tcm_top/u_core/u_frontend/u_npc/BRANCH_PREDICTION.u_lru/AR[0] |                9 |             33 |         3.67 |
|  RISCV_bd_i/clk_wiz_0/inst/clk_out1 | RISCV_bd_i/riscv_wrapper_0/inst/rv_tcm_top/u_core/u_frontend/u_npc/BRANCH_PREDICTION.u_lru/lfsr_q_reg[2]_7[0]         | RISCV_bd_i/riscv_wrapper_0/inst/rv_tcm_top/u_core/u_frontend/u_npc/BRANCH_PREDICTION.u_lru/AR[0] |               12 |             33 |         2.75 |
|  RISCV_bd_i/clk_wiz_0/inst/clk_out1 | RISCV_bd_i/riscv_wrapper_0/inst/rv_tcm_top/u_core/u_frontend/u_npc/BRANCH_PREDICTION.u_lru/lfsr_q_reg[3]_15[0]        | RISCV_bd_i/riscv_wrapper_0/inst/rv_tcm_top/u_core/u_frontend/u_npc/BRANCH_PREDICTION.u_lru/AR[0] |               14 |             33 |         2.36 |
|  RISCV_bd_i/clk_wiz_0/inst/clk_out1 | RISCV_bd_i/riscv_wrapper_0/inst/rv_tcm_top/u_core/u_frontend/u_npc/BRANCH_PREDICTION.u_lru/lfsr_q_reg[3]_13[0]        | RISCV_bd_i/riscv_wrapper_0/inst/rv_tcm_top/u_core/u_frontend/u_npc/BRANCH_PREDICTION.u_lru/AR[0] |               12 |             33 |         2.75 |
|  RISCV_bd_i/clk_wiz_0/inst/clk_out1 | RISCV_bd_i/riscv_wrapper_0/inst/rv_tcm_top/u_core/u_frontend/u_npc/BRANCH_PREDICTION.u_lru/lfsr_q_reg[2]_5[0]         | RISCV_bd_i/riscv_wrapper_0/inst/rv_tcm_top/u_core/u_frontend/u_npc/BRANCH_PREDICTION.u_lru/AR[0] |               14 |             33 |         2.36 |
|  RISCV_bd_i/clk_wiz_0/inst/clk_out1 | RISCV_bd_i/riscv_wrapper_0/inst/rv_tcm_top/u_core/u_lsu/u_lsu_request/ram_q[0][35]_i_1_n_0                            | RISCV_bd_i/riscv_wrapper_0/inst/rv_tcm_top/u_core/u_frontend/u_npc/BRANCH_PREDICTION.u_lru/AR[0] |               13 |             36 |         2.77 |
|  RISCV_bd_i/clk_wiz_0/inst/clk_out1 | RISCV_bd_i/riscv_wrapper_0/inst/rv_tcm_top/u_core/u_lsu/u_lsu_request/ram_q                                           | RISCV_bd_i/riscv_wrapper_0/inst/rv_tcm_top/u_core/u_frontend/u_npc/BRANCH_PREDICTION.u_lru/AR[0] |               12 |             36 |         3.00 |
|  RISCV_bd_i/clk_wiz_0/inst/clk_out1 | RISCV_bd_i/riscv_wrapper_0/inst/rv_tcm_top/u_core/u_div/quotient_q                                                    | RISCV_bd_i/riscv_wrapper_0/inst/rv_tcm_top/u_core/u_frontend/u_npc/BRANCH_PREDICTION.u_lru/AR[0] |               16 |             64 |         4.00 |
|  RISCV_bd_i/clk_wiz_0/inst/clk_out1 | RISCV_bd_i/riscv_wrapper_0/inst/rv_tcm_top/u_core/u_frontend/u_decode/u_fifo/csr_pending_q_reg                        | RISCV_bd_i/riscv_wrapper_0/inst/rv_tcm_top/u_core/u_frontend/u_npc/BRANCH_PREDICTION.u_lru/AR[0] |               28 |             66 |         2.36 |
|  RISCV_bd_i/clk_wiz_0/inst/clk_out1 | RISCV_bd_i/riscv_wrapper_0/inst/rv_tcm_top/u_core/u_frontend/u_decode/u_fifo/exec1_opcode_valid_w                     | RISCV_bd_i/riscv_wrapper_0/inst/rv_tcm_top/u_core/u_frontend/u_npc/BRANCH_PREDICTION.u_lru/AR[0] |               30 |             66 |         2.20 |
|  RISCV_bd_i/clk_wiz_0/inst/clk_out1 | RISCV_bd_i/riscv_wrapper_0/inst/rv_tcm_top/u_core/u_issue/u_pipe1_ctrl/last_divu_q_reg[0]                             | RISCV_bd_i/riscv_wrapper_0/inst/rv_tcm_top/u_core/u_frontend/u_npc/BRANCH_PREDICTION.u_lru/AR[0] |               24 |             70 |         2.92 |
|  RISCV_bd_i/clk_wiz_0/inst/clk_out1 | RISCV_bd_i/riscv_wrapper_0/inst/rv_tcm_top/u_core/u_lsu/mem_addr_q[31]_i_1_n_0                                        | RISCV_bd_i/riscv_wrapper_0/inst/rv_tcm_top/u_core/u_frontend/u_npc/BRANCH_PREDICTION.u_lru/AR[0] |               30 |             77 |         2.57 |
|  RISCV_bd_i/clk_wiz_0/inst/clk_out1 | RISCV_bd_i/riscv_wrapper_0/inst/rv_tcm_top/u_core/u_frontend/u_decode/u_fifo/pc_q[0][31]_i_1_n_0                      | RISCV_bd_i/riscv_wrapper_0/inst/rv_tcm_top/u_core/u_frontend/u_npc/BRANCH_PREDICTION.u_lru/AR[0] |               40 |             93 |         2.33 |
|  RISCV_bd_i/clk_wiz_0/inst/clk_out1 | RISCV_bd_i/riscv_wrapper_0/inst/rv_tcm_top/u_core/u_frontend/u_decode/u_fifo/ram_q                                    | RISCV_bd_i/riscv_wrapper_0/inst/rv_tcm_top/u_core/u_frontend/u_npc/BRANCH_PREDICTION.u_lru/AR[0] |               40 |             93 |         2.33 |
|  RISCV_bd_i/clk_wiz_0/inst/clk_out1 | RISCV_bd_i/riscv_wrapper_0/inst/rv_tcm_top/u_core/u_div/q_mask_q                                                      | RISCV_bd_i/riscv_wrapper_0/inst/rv_tcm_top/u_core/u_frontend/u_npc/BRANCH_PREDICTION.u_lru/AR[0] |               22 |             95 |         4.32 |
|  RISCV_bd_i/clk_wiz_0/inst/clk_out1 | RISCV_bd_i/riscv_wrapper_0/inst/rv_tcm_top/u_core/u_issue/u_pipe1_ctrl/mem_unaligned_e2_q_reg                         | RISCV_bd_i/riscv_wrapper_0/inst/rv_tcm_top/u_core/u_frontend/u_npc/BRANCH_PREDICTION.u_lru/AR[0] |              264 |            671 |         2.54 |
|  RISCV_bd_i/clk_wiz_0/inst/clk_out1 |                                                                                                                       | RISCV_bd_i/riscv_wrapper_0/inst/rv_tcm_top/u_core/u_frontend/u_npc/BRANCH_PREDICTION.u_lru/AR[0] |              421 |           1278 |         3.04 |
+-------------------------------------+-----------------------------------------------------------------------------------------------------------------------+--------------------------------------------------------------------------------------------------+------------------+----------------+--------------+


